// Jest Snapshot v1, https://goo.gl/fbAQLP

exports[`XlsToJson Component Test SnapShot Test 1`] = `
<div
  className="xlsToJson-container"
>
  <DragDropFile
    handleFile={[Function]}
  >
    <DataInput
      handleFile={[Function]}
    />
    <p
      className="watermark"
    >
      Drag and Drop a file here.
    </p>
  </DragDropFile>
</div>
`;
